A51 MACRO ASSEMBLER  REF                                                                  03/13/2021 16:56:54 PAGE     1


MACRO ASSEMBLER A51 V8.2.7.0
OBJECT MODULE PLACED IN .\Objects\Ref.obj
ASSEMBLER INVOKED BY: C:\Keil_v5\C51\BIN\A51.EXE Ref.a51 SET(SMALL) DEBUG PRINT(.\Listings\Ref.lst) OBJECT(.\Objects\Ref
                      .obj) EP

LOC  OBJ            LINE     SOURCE

0000                   1     ORG 000H                   ;Start Program
                       2     ;MOV P0, #0FFH
0000 020025            3     LJMP Main
                       4     
000B                   5     ORG 000BH
000B B280              6     CPL P0.0
000D 888C              7     MOV TH0, R0
000F 898A              8     MOV TL0, R1
0011 D28C              9     SETB TR0
0013 32               10     RETI 
                      11     
                      12     
001B                  13     ORG 001BH
001B 758D3C           14     MOV TH1, #03CH
001E 758BB0           15     MOV TL1, #0B0H
0021 D28E             16     SETB TR1
0023 0D               17     INC R5
0024 32               18     RETI
                      19     
                      20     
0025                  21     Main:
0025 7D00             22     MOV R5, #0
0027 D2AF             23     SETB EA
0029 D2A9             24     SETB ET0
002B D2AB             25     SETB ET1
002D 758911           26     MOV TMOD, #00010001B
                      27     
0030 758D3C           28     MOV TH1,#03CH              ;Loading TH0
0033 758BB0           29     MOV TL1,#0B0H              ;Loading TL0
                      30     
0036 78F1             31     MOV R0, #0F1H
0038 7989             32     MOV R1, #89H
003A 888C             33     MOV TH0, R0
003C 898A             34     MOV TL0, R1
003E D28C             35     SETB TR0
0040 D28E             36     SETB TR1
                      37     
0042                  38     here:
0042 BD50FD           39     CJNE R5, #50H, here
                      40     
0045 C28C             41     CLR TR0
0047 C28E             42     CLR TR1
                      43     
0049 758D3C           44     MOV TH1, #03CH
004C 758BB0           45     MOV TL1, #0B0H
004F 7D00             46     MOV R5, #0
0051 78F2             47     MOV R0, #0F2H
0053 79FB             48     MOV R1, #0FBH
0055 888C             49     MOV TH0, R0
0057 898A             50     MOV TL0, R1
0059 D28C             51     SETB TR0
005B D28E             52     SETB TR1
                      53     
005D                  54     here2:
005D BD50FD           55     CJNE R5, #50H, here2
0060 020025           56     LJMP Main
                      57     
A51 MACRO ASSEMBLER  REF                                                                  03/13/2021 16:56:54 PAGE     2

                      58     END
A51 MACRO ASSEMBLER  REF                                                                  03/13/2021 16:56:54 PAGE     3

SYMBOL TABLE LISTING
------ ----- -------


N A M E             T Y P E  V A L U E   ATTRIBUTES

EA . . . . . . . .  B ADDR   00A8H.7 A   
ET0. . . . . . . .  B ADDR   00A8H.1 A   
ET1. . . . . . . .  B ADDR   00A8H.3 A   
HERE . . . . . . .  C ADDR   0042H   A   
HERE2. . . . . . .  C ADDR   005DH   A   
MAIN . . . . . . .  C ADDR   0025H   A   
P0 . . . . . . . .  D ADDR   0080H   A   
TH0. . . . . . . .  D ADDR   008CH   A   
TH1. . . . . . . .  D ADDR   008DH   A   
TL0. . . . . . . .  D ADDR   008AH   A   
TL1. . . . . . . .  D ADDR   008BH   A   
TMOD . . . . . . .  D ADDR   0089H   A   
TR0. . . . . . . .  B ADDR   0088H.4 A   
TR1. . . . . . . .  B ADDR   0088H.6 A   


REGISTER BANK(S) USED: 0 


ASSEMBLY COMPLETE.  0 WARNING(S), 0 ERROR(S)
